ðŸ”¨ Building GBLN C FFI using Docker...

ðŸ“¦ FreeBSD
  â†’ FreeBSD x86_64...
    Blocking waiting for file lock on build directory
                                                                                                                                                                                                                                                                                                        Compiling gbln v0.1.0 (/Users/byvoss/Workbench/Unternehmen/ByVoss/Projekte/GBLN/core/rust)
<jemalloc>: MADV_DONTNEED does not work (memset will be used instead)
<jemalloc>: (This is the expected behaviour if you are running under QEMU)
